ℹ [1422/1508] Replayed ParameterContradiction
info: ParameterContradiction.lean:132:0: 'RationalLogReview.margin_identity' depends on axioms: [propext, Classical.choice, Quot.sound]
info: ParameterContradiction.lean:133:0: 'RationalLogReview.margin_lower_bound' depends on axioms: [propext, Classical.choice, Quot.sound]
info: ParameterContradiction.lean:134:0: 'RationalLogReview.volume_margin_identity' depends on axioms: [propext, Classical.choice, Quot.sound]
info: ParameterContradiction.lean:135:0: 'RationalLogReview.small_delta_parameters' depends on axioms: [propext, Classical.choice, Quot.sound]
info: ParameterContradiction.lean:136:0: 'RationalLogReview.determinant_bounds_inconsistent' depends on axioms: [propext, Classical.choice, Quot.sound]
info: ParameterContradiction.lean:137:0: 'RationalLogReview.sample_parameter_certificate' depends on axioms: [propext, Classical.choice, Quot.sound]
info: ParameterContradiction.lean:138:0: 'RationalLogReview.eventually_determinant_bounds_inconsistent' depends on axioms: [propext,
 Classical.choice,
 Quot.sound]
ℹ [1558/1706] Replayed IntegerDeterminant
info: IntegerDeterminant.lean:42:0: 'RationalLogReview.nonzero_integer_abs_ge_one' depends on axioms: [propext, Classical.choice, Quot.sound]
info: IntegerDeterminant.lean:43:0: 'RationalLogReview.integer_matrix_det_abs_ge_one' depends on axioms: [propext, Classical.choice, Quot.sound]
info: IntegerDeterminant.lean:44:0: 'RationalLogReview.cleared_integer_lower_bound' depends on axioms: [propext, Classical.choice, Quot.sound]
ℹ [1566/1706] Replayed Collision
info: Collision.lean:165:0: 'LogarithmAudit.distinct_nat_degrees_bound' depends on axioms: [propext, Classical.choice, Quot.sound]
info: Collision.lean:166:0: 'LogarithmAudit.injective_degrees_bound' depends on axioms: [propext, Classical.choice, Quot.sound]
info: Collision.lean:167:0: 'LogarithmAudit.grouped_degrees_bound' depends on axioms: [propext, Classical.choice, Quot.sound]
info: Collision.lean:168:0: 'LogarithmAudit.grouped_squares_bound' depends on axioms: [propext, Classical.choice, Quot.sound]
info: Collision.lean:169:0: 'LogarithmAudit.grouped_squares_bound_real' depends on axioms: [propext, Classical.choice, Quot.sound]
info: Collision.lean:170:0: 'LogarithmAudit.collision_bound_of_pair_injective' depends on axioms: [propext, Classical.choice, Quot.sound]
info: Collision.lean:171:0: 'LogarithmAudit.finite_occupancy_cauchy_schwarz' depends on axioms: [propext, Classical.choice, Quot.sound]
info: Collision.lean:172:0: 'LogarithmAudit.occupancy_threshold_bound' depends on axioms: [propext, Classical.choice, Quot.sound]
info: Collision.lean:173:0: 'LogarithmAudit.subset_occupancy_threshold_bound' depends on axioms: [propext, Classical.choice, Quot.sound]
ℹ [2022/2111] Replayed ApproximationBridge
info: ApproximationBridge.lean:260:0: 'RationalLogReview.not_arbitrarilyGoodApproximations_iff' depends on axioms: [propext, Classical.choice, Quot.sound]
info: ApproximationBridge.lean:261:0: 'RationalLogReview.rational_has_arbitrarily_large_exact_representations' depends on axioms: [propext,
 Classical.choice,
 Quot.sound]
info: ApproximationBridge.lean:262:0: 'RationalLogReview.irrational_of_eventual_positive_lower_bound' depends on axioms: [propext,
 Classical.choice,
 Quot.sound]
info: ApproximationBridge.lean:263:0: 'RationalLogReview.irrational_of_eventualApproximationLowerBound' depends on axioms: [propext,
 Classical.choice,
 Quot.sound]
info: ApproximationBridge.lean:264:0: 'RationalLogReview.approximationExponentAtMostTwo_iff_eventual' depends on axioms: [propext,
 Classical.choice,
 Quot.sound]
info: ApproximationBridge.lean:265:0: 'RationalLogReview.irrational_of_approximationExponentAtMostTwo' depends on axioms: [propext,
 Classical.choice,
 Quot.sound]
info: ApproximationBridge.lean:266:0: 'RationalLogReview.infinite_dirichlet_approximants_of_upper_bound' depends on axioms: [propext,
 Classical.choice,
 Quot.sound]
info: ApproximationBridge.lean:267:0: 'RationalLogReview.finite_bounded_denominator_near' depends on axioms: [propext, Classical.choice, Quot.sound]
info: ApproximationBridge.lean:268:0: 'RationalLogReview.arbitrarilyGoodApproximations_two_of_irrational' depends on axioms: [propext,
 Classical.choice,
 Quot.sound]
info: ApproximationBridge.lean:269:0: 'RationalLogReview.approximationExponentExactlyTwo_of_upper' depends on axioms: [propext, Classical.choice, Quot.sound]
info: ApproximationBridge.lean:270:0: 'RationalLogReview.ArbitrarilyGoodApproximations.of_exponent_le' depends on axioms: [propext,
 Classical.choice,
 Quot.sound]
info: ApproximationBridge.lean:271:0: 'RationalLogReview.arbitrarilyGoodApproximations_iff_exponent_le_two' depends on axioms: [propext,
 Classical.choice,
 Quot.sound]
info: ApproximationBridge.lean:272:0: 'RationalLogReview.irrationalityExponent_eq_two_of_exact' depends on axioms: [propext, Classical.choice, Quot.sound]
info: ApproximationBridge.lean:273:0: 'RationalLogReview.irrationalityExponent_eq_two_of_eventual_bounds' depends on axioms: [propext,
 Classical.choice,
 Quot.sound]
info: ApproximationBridge.lean:274:0: 'RationalLogReview.conditional_logarithm_endpoint' depends on axioms: [propext, Classical.choice, Quot.sound]
info: ApproximationBridge.lean:276:0: 'RationalLogReview.StrictArbitrarilyGoodApproximations.to_weak' depends on axioms: [propext,
 Classical.choice,
 Quot.sound]
info: ApproximationBridge.lean:277:0: 'RationalLogReview.strictArbitrarilyGoodApproximations_two_of_irrational' depends on axioms: [propext,
 Classical.choice,
 Quot.sound]
ℹ [2549/2553] Replayed LaurentResidue
info: LaurentResidue.lean:162:0: 'IrrationalityReview.residue_derivative_zero' depends on axioms: [propext, Classical.choice, Quot.sound]
info: LaurentResidue.lean:163:0: 'IrrationalityReview.derivative_ne_of_residue_ne_zero' depends on axioms: [propext, Classical.choice, Quot.sound]
info: LaurentResidue.lean:164:0: 'IrrationalityReview.derivative_ne_simple_pole' depends on axioms: [propext, Classical.choice, Quot.sound]
info: LaurentResidue.lean:165:0: 'IrrationalityReview.no_primitive_simple_pole' depends on axioms: [propext, Classical.choice, Quot.sound]
info: LaurentResidue.lean:166:0: 'IrrationalityReview.constant_div_X_eq_simple_pole' depends on axioms: [propext, Classical.choice, Quot.sound]
info: LaurentResidue.lean:167:0: 'IrrationalityReview.no_primitive_positive_degree' depends on axioms: [propext, Classical.choice, Quot.sound]
info: LaurentResidue.lean:168:0: 'IrrationalityReview.logarithmic_derivative_monomial' depends on axioms: [propext, Classical.choice, Quot.sound]
info: LaurentResidue.lean:169:0: 'IrrationalityReview.derivative_ne_logarithmic_monomial' depends on axioms: [propext, Classical.choice, Quot.sound]
info: LaurentResidue.lean:170:0: 'IrrationalityReview.primitive_coeff' depends on axioms: [propext, Classical.choice, Quot.sound]
info: LaurentResidue.lean:171:0: 'IrrationalityReview.derivative_primitive' depends on axioms: [propext, Classical.choice, Quot.sound]
info: LaurentResidue.lean:172:0: 'IrrationalityReview.exists_primitive_iff_residue_zero' depends on axioms: [propext, Classical.choice, Quot.sound]
info: LaurentResidue.lean:173:0: 'IrrationalityReview.derivative_constant_zero' depends on axioms: [propext, Classical.choice, Quot.sound]
info: LaurentResidue.lean:174:0: 'IrrationalityReview.eq_constant_of_derivative_zero' depends on axioms: [propext, Classical.choice, Quot.sound]
info: LaurentResidue.lean:175:0: 'IrrationalityReview.derivative_zero_iff_constant' depends on axioms: [propext, Classical.choice, Quot.sound]
ℹ [2550/2553] Replayed GeometryNumerics
info: GeometryNumerics.lean:48:0: 'RationalLogReview.pure_power_weight_bound' depends on axioms: [propext, Classical.choice, Quot.sound]
info: GeometryNumerics.lean:49:0: 'RationalLogReview.ample_combination_coefficients' depends on axioms: [propext, Classical.choice, Quot.sound]
ℹ [2551/2553] Built RationalCenters (2.5s)
info: RationalCenters.lean:24:0: 'RationalLogReview.rational_power_centers_injective' depends on axioms: [propext, Classical.choice, Quot.sound]
info: RationalCenters.lean:25:0: 'RationalLogReview.rational_power_centers_nonzero' depends on axioms: [propext, Classical.choice, Quot.sound]
info: RationalCenters.lean:26:0: 'RationalLogReview.finite_rational_power_centers' depends on axioms: [propext, Classical.choice, Quot.sound]
✔ [2552/2553] Built RationalLogReview (3.3s)
Build completed successfully (2553 jobs).
